adobe-base-14-fonts
agordejo
amdfand-git
ani-cli
ansiweather
arc-gtk-theme
arc-icon-theme
archlinux-java-run
asunder
carla-bridges-win
catia-git
chowmultitool-bin
chowtapemodel-bin
circuit-simulator
debtap
discord-canary
downgrade
epson-inkjet-printer-escpr
eww
fluidplug-git
google-chrome
gopro-tools-git
grub-customizer
gruvbox-dark-gtk
gruvbox-dark-icons-gtk
gruvbox-icon-theme
gruvbox-material-gtk-theme-git
gspiceui
gtick
gtk-theme-arc-gruvbox-git
helm-synth
iscan
iscan-plugin-network
jack_capture
jre
laborejo
lib32-libdvdcss
libasound2-plugin-fftrate
libimobiledevice-git
mangal-bin
metar
mkinitcpio-firmware
mons
mpdris2
neofetch
nerd-fonts-complete
nitrogen
ntfsfixboot
opl-synth
osmid
pacmixer
pagraphcontrol-git
paru
paru-debug
paru-git-debug
patroneo
pfetch
pinta
proton-ge-custom-bin
puddletag
purple-skypeweb
pymetar
python311
reddio-git
regionset
roomeqwizard
sddm-silent-theme
settimezone
siji-git
silo-skype
sone
spicetify-cli
spotify
steam-native-runtime
surge
sweep
teams
teams-for-linux
tembro
themix-full-git
ttf-joypixels
ttf-times-new-roman
update-grub
urw-arial
vcvrack-bin
ventoy-bin
vim-plug
virtualhere-client
virtualhere-server-bin
wineasio
wingedit
xidlehook
yt-x
