a2jmidid
acpi
adljack
adlplug
adobe-base-14-fonts
adobe-source-han-sans-jp-fonts
adobe-source-han-sans-otc-fonts
aeolus
agordejo
aj-snapshot
aliki
alsa-plugins
alsa-utils
amb-plugins
ambdec
ambix
amd-ucode
amdfand-git
ams
amsynth
android-file-transfer
android-tools
ani-cli
ansiweather
arandr
arc-gtk-theme
arc-icon-theme
arch-install-scripts
archlinux-java-run
archlinux-keyring
archlinux-wallpaper
ardour
artyfx
asunder
audacious
audacity
autoconf
automake
avldrums.lv2
base
base-devel
bash-completion
bat
bchoppr
bespokesynth
binutils
bison
blas-openblas
blas64-openblas
blop
blop.lv2
bluez
bluez-tools
bluez-utils
breeze
breeze-grub
bsequencer
bshapr
bslizr
btop
cabextract
calc
calcurse
calf
caps
cardinal-clap
cardinal-lv2
cardinal-standalone
cardinal-vst
cardinal-vst3
carla
carla-bridges-win
catia-git
chowmultitool-bin
chowtapemodel-bin
chuck
circuit-simulator
clamav
cmake
cmt
colordiff
corectrl
cpio
cppcheck
cpupower
csound
csound-plugins
csoundqt
ctags
cups
debtap
debugedit
deepin-icon-theme
dexed
dgedit
dialog
din
discord
discord-canary
distrho-ports
dkms
dmd
dos2unix
dosfstools
downgrade
doxygen
dpf-plugins
dragonfly-reverb-clap
dragonfly-reverb-lv2
dragonfly-reverb-vst
dragonfly-reverb-vst3
drumgizmo
drumkv1
dub
dunst
dvd+rw-tools
dysk
easyeffects
ebumeter
ecasound
efibootmgr
eigen
element
epson-inkjet-printer-escpr
eq10q
eteroj.lv2
evince
eww
eza
fabla
fakeroot
faust
ffmpegthumbnailer
fil-plugins
file
findutils
firefox
flameshot
flex
fluidplug-git
fomp.lv2
freewheeling
g2reverb
gawk
gcc
gcc-fortran
gdb
geonkick
gettext
gigedit
gimp
git
glfw
gmsynth.lv2
gnome-calendar
gnome-clocks
gnuplot
google-chrome
gopro-tools-git
grep
groff
grub
grub-btrfs
grub-customizer
grub-theme-vimix
gruvbox-dark-gtk
gruvbox-dark-icons-gtk
gruvbox-icon-theme
gruvbox-material-gtk-theme-git
gspiceui
gtick
gtk-theme-arc-gruvbox-git
guitarix
gutenprint
gvfs-afc
gvfs-gphoto2
gzip
helm-synth
hexter
htop
hydrogen
hyprland
iempluginsuite
ifuse
infamousplugins
inkscape
intel-media-driver
inxi
ipp-usb
iscan
iscan-plugin-network
iwd
jaaa
jack-example-tools
jack-stdio
jack_capture
jack_delay
jack_mixer
jack_utils
jackmeter
jackminimix
jacktrip
jalv
japa
jconvolver
jdk-openjdk
jnoisemeter
jre
juce
julia
kmidimon
laborejo
lib32-gcc-libs
lib32-libdrm
lib32-libdvdcss
lib32-llvm
lib32-llvm-libs
lib32-mesa
lib32-pipewire-jack
lib32-vulkan-radeon
libaacs
libasound2-plugin-fftrate
libconfig
libdrm
libdvdcss
libimobiledevice-git
libreoffice-fresh
libtool
lilypond
linux
linux-firmware
linux-headers
linux-rt
linux-rt-headers
linuxsampler
liquidsfz
llvm
lmms
lsp-plugins
ltrace
lua-language-server
lua53
luppp
lv2-example-plugins
lv2file
lxappearance
m4
make
man-db
mangal-bin
mangohud
materia-gtk-theme
mcp-plugins
mda.lv2
mephisto.lv2
mesa
metar
midi_matrix.lv2
mixxx
mkinitcpio-firmware
mokutil
mons
moony.lv2
movit
mpc
mpd
mpdris2
mpv
mtools
muse
musescore
mypaint
ncdu
ncmpcpp
neofetch
neovim
nerd-fonts-complete
network-manager-applet
networkmanager
newsboat
nftables
ngspice
nitrogen
njconnect
nmap
noise-repellent
noto-fonts
noto-fonts-cjk
noto-fonts-emoji
npm
ntfs-3g
ntfsfixboot
ntp
ob-xf-clap
ob-xf-common
ob-xf-lv2
ob-xf-standalone
ob-xf-vst3
odin2-synthesizer
okular
opencv
opl-synth
opnplug
os-prober
osc2midi
osmid
otf-font-awesome
pacman
pacman-contrib
pacmixer
padthv1
pagraphcontrol-git
pandoc-cli
papirus-icon-theme
paru
paru-debug
paru-git-debug
patch
patchmatrix
patroneo
pavucontrol
pd
pd-lua
pdfgrep
perl-file-mimeinfo
perl-image-exiftool
pfetch
picom
pinta
pipewire-alsa
pipewire-audio
pipewire-docs
pipewire-jack
pipewire-pulse
pkgconf
playerctl
plymouth
polyphone
powerline
powerline-fonts
proton-ge-custom-bin
puddletag
purple-skypeweb
pvoc
pymetar
python-httplib2
python-pip
python-pynvim
python-ruamel-yaml
python311
qastools
qjackctl
qmidiarp
qmidictl
qmidinet
qmidiroute
qpwgraph
qsampler
qsynth
qt5ct
qxgedit
radeontop
ranger
realtime-privileges
reapack
reaper
reddio-git
reflector
regionset
rev-plugins
ripgrep-all
rofi
roomeqwizard
rosegarden
rpm-tools
rsync
rtirq
ruby-rdiscount
ruby-titlecase
samplv1
sane-airscan
sc3-plugins
sddm
sddm-silent-theme
sdl2_ttf
sed
setbfree
settimezone
sfizz
sfml
sherlock.lv2
shotcut
shotwell
siji-git
silo-skype
simple-scan
snd
sone
sonic-visualiser
sorcer
sound-gambit
spectmorph
speedtest-cli
spice
spice-up
spicetify-cli
spirv-headers
spirv-tools
spotify
ssr
steam
steam-native-runtime
stochas
stow
sudo
supercollider
surge
sweep
swh-plugins
synthv1
system-config-printer
tcsh
teams
teams-for-linux
tembro
texinfo
texlive-basic
texlive-bibtexextra
texlive-fontsextra
texlive-formatsextra
texlive-games
texlive-humanities
texlive-latexextra
texlive-mathscience
texlive-music
texlive-pictures
texlive-pstricks
texlive-publishers
themix-full-git
thunar
timeshift
timidity++
tldr
tree
ttf-fira-mono
ttf-hack
ttf-hannom
ttf-jetbrains-mono
ttf-joypixels
ttf-roboto-mono
ttf-times-new-roman
udftools
ueberzugpp
unzip
update-grub
urw-arial
usb_modeswitch
vamp-aubio-plugins
vamp-plugin-sdk
vco-plugins
vcvrack-bin
ventoy-bin
vim
vim-plug
virtualbox
virtualhere-client
virtualhere-server-bin
vlc
vlc-plugin-cddb
vm.lv2
vmpk
vorbis-tools
vulkan-radeon
w3m
wah-plugins
wget
which
wine
wine-mono
wineasio
winetricks
wingedit
wireplumber
woff2-font-awesome
wolf-shaper
wolf-spectrum
wqy-zenhei
x42-plugins
xbindkeys
xclip
xdg-utils
xdg-utils-cxx
xf86-video-amdgpu
xidlehook
xmonk.lv2
xorg-server-devel
xorg-server-xephyr
xorg-xbacklight
xorg-xdpyinfo
xorg-xinit
xorg-xrandr
xorg-xrefresh
xorg-xsetroot
xournalpp
xss-lock
yabridge
yabridgectl
yass
yoshimi
yt-dlp
yt-x
zam-plugins-clap
zam-plugins-ladspa
zam-plugins-lv2
zam-plugins-vst
zam-plugins-vst3
zathura
zathura-cb
zathura-pdf-poppler
zip
zita-ajbridge
zita-at1
zita-bls1
zita-dc1
zita-dpl1
zita-lrx
zita-mu1
zita-njbridge
zita-rev1
zsh
zsh-completions
zynaddsubfx
